C51 COMPILER V9.01   FUNC                                                                  10/04/2010 21:15:05 PAGE 1   


C51 COMPILER V9.01, COMPILATION OF MODULE FUNC
OBJECT MODULE PLACED IN func.OBJ
COMPILER INVOKED BY: C:\Keil\C51\BIN\C51.EXE func.c LARGE OPTIMIZE(0,SPEED) BROWSE DEBUG OBJECTEXTEND

line level    source

   1          #include "C:\KEIL\C51\INC\CYGNAL\C8051F120.H"
   2          void function2();
   3          
   4          sbit LED1 = P3^0;
   5          sbit LED2 = P3^1;
   6          
   7          void function1(int i)
   8          {
   9   1              switch (i) 
  10   1              {
  11   2                      case 1: 
  12   2                              LED1 = 0;
  13   2                              break;
  14   2                      case 2:
  15   2                              function2();
  16   2                      default:
  17   2                      break;
  18   2              }
  19   1      }


MODULE INFORMATION:   STATIC OVERLAYABLE
   CODE SIZE        =     41    ----
   CONSTANT SIZE    =   ----    ----
   XDATA SIZE       =      2    ----
   PDATA SIZE       =   ----    ----
   DATA SIZE        =   ----    ----
   IDATA SIZE       =   ----    ----
   BIT SIZE         =   ----    ----
END OF MODULE INFORMATION.


C51 COMPILATION COMPLETE.  0 WARNING(S),  0 ERROR(S)
