LX51 LINKER/LOCATER V4.41                                                               10/04/2010  12:32:46  PAGE 1


LX51 LINKER/LOCATER V4.41, INVOKED BY:
C:\KEIL\C51\BIN\LX51.EXE COMMON {STARTUP.obj}, COMMON {.\L51_BANK.obj}, COMMON {main.obj}, BANK1 {func.obj}, BANK3 {func
>> 2.obj} TO zb_bi BANKAREA (0X008000, 0X00FFFF) CLASSES (XDATA (X:0X0-X:0X1FFF), HDATA (X:0X0-X:0X1FFF))


CPU MODE:     8051 MODE
MEMORY MODEL: LARGE


INPUT MODULES INCLUDED:
  STARTUP.obj (?C_STARTUP)
         COMMENT TYPE 1: A51 / ASM51 Assembler
  .\L51_BANK.obj (?BANK?SWITCHING)
         COMMENT TYPE 1: A51 / ASM51 Assembler
  main.obj (MAIN)
         COMMENT TYPE 0: C51 V9.01
  func.obj (FUNC)
         COMMENT TYPE 0: C51 V9.01
  func2.obj (FUNC2)
         COMMENT TYPE 0: C51 V9.01
  C:\KEIL\C51\LIB\C51L.LIB (?C?SLCMP)
         COMMENT TYPE 1: A51 / ASM51 Assembler
  C:\KEIL\C51\LIB\C51L.LIB (?C?LSTXDATA)
         COMMENT TYPE 1: A51 / ASM51 Assembler
  C:\KEIL\C51\LIB\C51L.LIB (?C?LSTKXDATA)
         COMMENT TYPE 1: A51 / ASM51 Assembler
  C:\KEIL\C51\LIB\C51L.LIB (?C?ICASE)
         COMMENT TYPE 1: A51 / ASM51 Assembler
  C:\KEIL\C51\LIB\C51L.LIB (?C?ICALL)
         COMMENT TYPE 1: A51 / ASM51 Assembler


ACTIVE MEMORY CLASSES OF MODULE:  zb_bi (?C_STARTUP)

BASE        START       END         USED      MEMORY CLASS
==========================================================
X:000000H   X:000000H   X:001FFFH   000017H   XDATA
X:000000H   X:000000H   X:001FFFH             HDATA
C:000000H   C:000000H   C:00FFFFH   00029AH   CODE
I:000000H   I:000000H   I:0000FFH   000001H   IDATA
I:000000H   I:000000H   I:00007FH   000008H   DATA


MEMORY MAP OF MODULE:  zb_bi (?C_STARTUP)


START     STOP      LENGTH    ALIGN  RELOC    MEMORY CLASS   SEGMENT NAME
=========================================================================

* * * * * * * * * * *   D A T A   M E M O R Y   * * * * * * * * * * * * *
000000H   000007H   000008H   ---    AT..     DATA           "REG BANK 0"
000008H   000008H   000001H   BYTE   UNIT     IDATA          ?STACK

* * * * * * * * * * *   C O D E   M E M O R Y   * * * * * * * * * * * * *

***   CODE BANK 1   ***
008000H   00804EH   00004FH   BYTE   UNIT     CODE/B1        ?PR?_CALLER?FUNC
00804FH   00807BH   00002DH   BYTE   UNIT     CODE/B1        ?PR?_LED?FUNC

***   CODE BANK 3   ***
008000H   00800AH   00000BH   BYTE   UNIT     CODE/B3        ?PR?_LED2?FUNC2

***   COMMON AREA   ***
000000H   000002H   000003H   ---    OFFS..   CODE           ?CO??C_STARTUP?0
000003H   00005CH   00005AH   BYTE   INBLOCK  CODE           ?BANK?SELECT
00005DH   0000F4H   000098H   BYTE   UNIT     CODE           ?PR?_F?MAIN
LX51 LINKER/LOCATER V4.41                                                             10/04/2010  12:32:46  PAGE 2


0000F5H   00017AH   000086H   BYTE   UNIT     CODE           ?C?LIB_CODE
00017BH   0001B4H   00003AH   BYTE   UNIT     CODE           ?PR?MAIN?MAIN
0001B5H   0001EAH   000036H   BYTE   UNIT     CODE           ?PR?__LOW_LEVEL_INIT?MAIN
0001EBH   0001F6H   00000CH   BYTE   UNIT     CODE           ?C_C51STARTUP
0001F7H   0001FFH   000009H   ---    ---      **GAP**
000200H   00021BH   00001CH   PAGE   UNIT     CODE           ?BANK?SWITCH

* * * * * * * * * * *  X D A T A   M E M O R Y  * * * * * * * * * * * * *
000000H   000009H   00000AH   BYTE   UNIT     XDATA          ?XD?_F?MAIN
00000AH   00000EH   000005H   BYTE   UNIT     XDATA          ?XD?_CALLER?FUNC
00000FH   000012H   000004H   BYTE   UNIT     XDATA          ?XD?MAIN?MAIN
000013H   000014H   000002H   BYTE   UNIT     XDATA          ?XD?_LED?FUNC
000015H   000016H   000002H   BYTE   UNIT     XDATA          ?XD?_LED2?FUNC2



OVERLAY MAP OF MODULE:   zb_bi (?C_STARTUP)


FUNCTION/MODULE              BIT_GROUP   DATA_GROUP 
--> CALLED FUNCTION/MODULE  START  STOP  START  STOP
====================================================
?C_C51STARTUP               ----- -----  ----- -----
  +--> ?PR?MAIN?MAIN

MAIN/MAIN                   ----- -----  ----- -----
  +--> ?PR?__LOW_LEVEL_INIT?MAIN
  +--> ?PR?_LED?FUNC

__LOW_LEVEL_INIT/MAIN       ----- -----  ----- -----

_LED/FUNC                   ----- -----  ----- -----
  +--> ?PR?_LED2?FUNC2

_LED2/FUNC2                 ----- -----  ----- -----



INTERBANK CALL TABLE OF MODULE:  zb_bi (?C_STARTUP)

ADDRESS     FUNCTION NAME
-------------------------
C:000052H   _led
C:000057H   _led2



PUBLIC SYMBOLS OF MODULE:  zb_bi (?C_STARTUP)


      VALUE       CLASS    TYPE      PUBLIC SYMBOL NAME
      =================================================
      01000003H   CODE     ---       ?B_BANK0
      01000015H   CODE     ---       ?B_BANK1
      01000027H   CODE     ---       ?B_BANK2
      01000039H   CODE     ---       ?B_BANK3
      00000090H   DATA     ---       ?B_CURRENTBANK
      00000004H   NUMBER   ---       ?B_FACTOR
      0000000CH   NUMBER   ---       ?B_MASK
      00000000H   NUMBER   ---       ?B_MODE
      00000004H   NUMBER   ---       ?B_NBANKS
      000000FFH   NUMBER   ---       ?B_RST_BANK
      01000200H   CODE     ---       ?B_SWITCH0
      01000208H   CODE     ---       ?B_SWITCH1
      01000210H   CODE     ---       ?B_SWITCH2
LX51 LINKER/LOCATER V4.41                                                             10/04/2010  12:32:46  PAGE 3


      01000218H   CODE     ---       ?B_SWITCH3
      0100004CH   CODE     ---       ?B_SWITCHBANK_A
      00000000H   NUMBER   ---       ?C?CODESEG
      01000175H   CODE     ---       ?C?ICALL
      01000179H   CODE     ---       ?C?ICALL2
      01000148H   CODE     ---       ?C?ICASE
      01000117H   CODE     ---       ?C?LSTKXDATA
      0100010BH   CODE     ---       ?C?LSTXDATA
      010000F5H   CODE     ---       ?C?SLCMP
      00000000H   NUMBER   ---       ?C?XDATASEG
      0100017BH   CODE     ---       ?C_START
      01000000H   CODE     ---       ?C_STARTUP
      010001B5H   CODE     ---       __low_level_init
      00818000H   CODE/B1  ---       _caller
      0100005DH   CODE     ---       _f
      0081804FH   CODE/B1  ---       _led
      00838000H   CODE/B3  ---       _led2
      0100004BH   CODE     ---       _SWITCHBANK
*SFR* 000000C0H.2 DATA     BIT       AA
*SFR* 000000D0H.6 DATA     BIT       AC
*SFR* 000000E0H   DATA     BYTE      ACC
*SFR* 000000E8H.4 DATA     BIT       AD0BUSY
*SFR* 000000E8H.2 DATA     BIT       AD0CM0
*SFR* 000000E8H.3 DATA     BIT       AD0CM1
*SFR* 000000E8H.7 DATA     BIT       AD0EN
*SFR* 000000E8H.5 DATA     BIT       AD0INT
*SFR* 000000E8H   DATA     BIT       AD0LJST
*SFR* 000000E8H.6 DATA     BIT       AD0TM
*SFR* 000000E8H.1 DATA     BIT       AD0WINT
*SFR* 000000E8H.4 DATA     BIT       AD2BUSY
*SFR* 000000E8H.1 DATA     BIT       AD2CM0
*SFR* 000000E8H.2 DATA     BIT       AD2CM1
*SFR* 000000E8H.3 DATA     BIT       AD2CM2
*SFR* 000000E8H.7 DATA     BIT       AD2EN
*SFR* 000000E8H.5 DATA     BIT       AD2INT
*SFR* 000000E8H.6 DATA     BIT       AD2TM
*SFR* 000000E8H   DATA     BIT       AD2WINT
*SFR* 000000BCH   DATA     BYTE      ADC0CF
*SFR* 000000E8H   DATA     BYTE      ADC0CN
*SFR* 000000C5H   DATA     BYTE      ADC0GTH
*SFR* 000000C4H   DATA     BYTE      ADC0GTL
*SFR* 000000BFH   DATA     BYTE      ADC0H
*SFR* 000000BEH   DATA     BYTE      ADC0L
*SFR* 000000C7H   DATA     BYTE      ADC0LTH
*SFR* 000000C6H   DATA     BYTE      ADC0LTL
*SFR* 000000BEH   DATA     BYTE      ADC2
*SFR* 000000BCH   DATA     BYTE      ADC2CF
*SFR* 000000E8H   DATA     BYTE      ADC2CN
*SFR* 000000C4H   DATA     BYTE      ADC2GT
*SFR* 000000C6H   DATA     BYTE      ADC2LT
*SFR* 000000BAH   DATA     BYTE      AMX0CF
*SFR* 000000BBH   DATA     BYTE      AMX0SL
*SFR* 000000BAH   DATA     BYTE      AMX2CF
*SFR* 000000BBH   DATA     BYTE      AMX2SL
*SFR* 000000F0H   DATA     BYTE      B
*SFR* 000000C0H.7 DATA     BIT       BUSY
*SFR* 000000D8H   DATA     BIT       CCF0
*SFR* 000000D8H.1 DATA     BIT       CCF1
*SFR* 000000D8H.2 DATA     BIT       CCF2
*SFR* 000000D8H.3 DATA     BIT       CCF3
*SFR* 000000D8H.4 DATA     BIT       CCF4
*SFR* 000000D8H.5 DATA     BIT       CCF5
*SFR* 000000A1H   DATA     BYTE      CCH0CN
*SFR* 000000A3H   DATA     BYTE      CCH0LC
*SFR* 0000009AH   DATA     BYTE      CCH0MA
LX51 LINKER/LOCATER V4.41                                                             10/04/2010  12:32:46  PAGE 4


*SFR* 000000A2H   DATA     BYTE      CCH0TN
*SFR* 000000D8H.7 DATA     BIT       CF
*SFR* 0000008EH   DATA     BYTE      CKCON
*SFR* 00000097H   DATA     BYTE      CLKSEL
*SFR* 00000088H.7 DATA     BIT       CP0EN
*SFR* 00000088H.4 DATA     BIT       CP0FIF
*SFR* 00000088H   DATA     BIT       CP0HYN0
*SFR* 00000088H.1 DATA     BIT       CP0HYN1
*SFR* 00000088H.2 DATA     BIT       CP0HYP0
*SFR* 00000088H.3 DATA     BIT       CP0HYP1
*SFR* 00000088H.6 DATA     BIT       CP0OUT
*SFR* 00000088H.5 DATA     BIT       CP0RIF
*SFR* 00000088H.7 DATA     BIT       CP1EN
*SFR* 00000088H.4 DATA     BIT       CP1FIF
*SFR* 00000088H   DATA     BIT       CP1HYN0
*SFR* 00000088H.1 DATA     BIT       CP1HYN1
*SFR* 00000088H.2 DATA     BIT       CP1HYP0
*SFR* 00000088H.3 DATA     BIT       CP1HYP1
*SFR* 00000088H.6 DATA     BIT       CP1OUT
*SFR* 00000088H.5 DATA     BIT       CP1RIF
*SFR* 000000C8H   DATA     BIT       CPRL2
*SFR* 000000C8H   DATA     BIT       CPRL3
*SFR* 000000C8H   DATA     BIT       CPRL4
*SFR* 00000088H   DATA     BYTE      CPT0CN
*SFR* 00000089H   DATA     BYTE      CPT0MD
*SFR* 00000088H   DATA     BYTE      CPT1CN
*SFR* 00000089H   DATA     BYTE      CPT1MD
*SFR* 000000D8H.6 DATA     BIT       CR
*SFR* 000000C8H.1 DATA     BIT       CT2
*SFR* 000000C8H.1 DATA     BIT       CT3
*SFR* 000000C8H.1 DATA     BIT       CT4
*SFR* 000000D0H.7 DATA     BIT       CY
*SFR* 000000D4H   DATA     BYTE      DAC0CN
*SFR* 000000D3H   DATA     BYTE      DAC0H
*SFR* 000000D2H   DATA     BYTE      DAC0L
*SFR* 000000D4H   DATA     BYTE      DAC1CN
*SFR* 000000D3H   DATA     BYTE      DAC1H
*SFR* 000000D2H   DATA     BYTE      DAC1L
*SFR* 00000083H   DATA     BYTE      DPH
*SFR* 00000082H   DATA     BYTE      DPL
*SFR* 000000A8H.7 DATA     BIT       EA
*SFR* 000000E6H   DATA     BYTE      EIE1
*SFR* 000000E7H   DATA     BYTE      EIE2
*SFR* 000000F6H   DATA     BYTE      EIP1
*SFR* 000000F7H   DATA     BYTE      EIP2
*SFR* 000000A3H   DATA     BYTE      EMI0CF
*SFR* 000000A2H   DATA     BYTE      EMI0CN
*SFR* 000000A1H   DATA     BYTE      EMI0TC
*SFR* 000000C0H.6 DATA     BIT       ENSMB
*SFR* 000000A8H.4 DATA     BIT       ES0
*SFR* 000000A8H.1 DATA     BIT       ET0
*SFR* 000000A8H.3 DATA     BIT       ET1
*SFR* 000000A8H.5 DATA     BIT       ET2
*SFR* 000000A8H   DATA     BIT       EX0
*SFR* 000000A8H.2 DATA     BIT       EX1
*SFR* 000000C8H.3 DATA     BIT       EXEN2
*SFR* 000000C8H.3 DATA     BIT       EXEN3
*SFR* 000000C8H.3 DATA     BIT       EXEN4
*SFR* 000000C8H.6 DATA     BIT       EXF2
*SFR* 000000C8H.6 DATA     BIT       EXF3
*SFR* 000000C8H.6 DATA     BIT       EXF4
*SFR* 000000D0H.5 DATA     BIT       F0
*SFR* 000000D0H.1 DATA     BIT       F1
*SFR* 000000B7H   DATA     BYTE      FLACL
*SFR* 00000088H   DATA     BIT       FLHBUSY
LX51 LINKER/LOCATER V4.41                                                             10/04/2010  12:32:46  PAGE 5


*SFR* 000000B7H   DATA     BYTE      FLSCL
*SFR* 00000088H   DATA     BYTE      FLSTAT
*SFR* 000000A8H   DATA     BYTE      IE
*SFR* 00000088H.1 DATA     BIT       IE0
*SFR* 00000088H.3 DATA     BIT       IE1
*SFR* 000000B8H   DATA     BYTE      IP
*SFR* 00000088H   DATA     BIT       IT0
*SFR* 00000088H.2 DATA     BIT       IT1
*SFR* 000000B0H   DATA     BIT       LED1
*SFR* 000000B0H.1 DATA     BIT       LED2
*SFR* 00000093H   DATA     BYTE      MAC0ACC0
*SFR* 00000094H   DATA     BYTE      MAC0ACC1
*SFR* 00000095H   DATA     BYTE      MAC0ACC2
*SFR* 00000096H   DATA     BYTE      MAC0ACC3
*SFR* 000000C2H   DATA     BYTE      MAC0AH
*SFR* 000000C1H   DATA     BYTE      MAC0AL
*SFR* 00000092H   DATA     BYTE      MAC0BH
*SFR* 00000091H   DATA     BYTE      MAC0BL
*SFR* 000000C3H   DATA     BYTE      MAC0CF
*SFR* 000000C0H.3 DATA     BIT       MAC0HO
*SFR* 000000C0H   DATA     BIT       MAC0N
*SFR* 00000097H   DATA     BYTE      MAC0OVR
*SFR* 000000CFH   DATA     BYTE      MAC0RNDH
*SFR* 000000CEH   DATA     BYTE      MAC0RNDL
*SFR* 000000C0H.1 DATA     BIT       MAC0SO
*SFR* 000000C0H   DATA     BYTE      MAC0STA
*SFR* 000000C0H.2 DATA     BIT       MAC0Z
      0100017BH   CODE     ---       main
*SFR* 00000098H.5 DATA     BIT       MCE1
*SFR* 000000F8H.5 DATA     BIT       MODF
*SFR* 000000F8H.2 DATA     BIT       NSSMD0
*SFR* 000000F8H.3 DATA     BIT       NSSMD1
*SFR* 0000008BH   DATA     BYTE      OSCICL
*SFR* 0000008AH   DATA     BYTE      OSCICN
*SFR* 0000008CH   DATA     BYTE      OSCXCN
*SFR* 000000D0H.2 DATA     BIT       OV
*SFR* 000000D0H   DATA     BIT       P
*SFR* 00000080H   DATA     BYTE      P0
*SFR* 000000A4H   DATA     BYTE      P0MDOUT
*SFR* 00000090H   DATA     BYTE      P1
*SFR* 000000ADH   DATA     BYTE      P1MDIN
*SFR* 000000A5H   DATA     BYTE      P1MDOUT
*SFR* 000000A0H   DATA     BYTE      P2
*SFR* 000000A6H   DATA     BYTE      P2MDOUT
*SFR* 000000B0H   DATA     BYTE      P3
*SFR* 000000A7H   DATA     BYTE      P3MDOUT
*SFR* 000000C8H   DATA     BYTE      P4
*SFR* 0000009CH   DATA     BYTE      P4MDOUT
*SFR* 000000D8H   DATA     BYTE      P5
*SFR* 0000009DH   DATA     BYTE      P5MDOUT
*SFR* 000000E8H   DATA     BYTE      P6
*SFR* 0000009EH   DATA     BYTE      P6MDOUT
*SFR* 000000F8H   DATA     BYTE      P7
*SFR* 0000009FH   DATA     BYTE      P7MDOUT
*SFR* 000000D8H   DATA     BYTE      PCA0CN
*SFR* 000000FCH   DATA     BYTE      PCA0CPH0
*SFR* 000000FEH   DATA     BYTE      PCA0CPH1
*SFR* 000000EAH   DATA     BYTE      PCA0CPH2
*SFR* 000000ECH   DATA     BYTE      PCA0CPH3
*SFR* 000000EEH   DATA     BYTE      PCA0CPH4
*SFR* 000000E2H   DATA     BYTE      PCA0CPH5
*SFR* 000000FBH   DATA     BYTE      PCA0CPL0
*SFR* 000000FDH   DATA     BYTE      PCA0CPL1
*SFR* 000000E9H   DATA     BYTE      PCA0CPL2
*SFR* 000000EBH   DATA     BYTE      PCA0CPL3
LX51 LINKER/LOCATER V4.41                                                             10/04/2010  12:32:46  PAGE 6


*SFR* 000000EDH   DATA     BYTE      PCA0CPL4
*SFR* 000000E1H   DATA     BYTE      PCA0CPL5
*SFR* 000000DAH   DATA     BYTE      PCA0CPM0
*SFR* 000000DBH   DATA     BYTE      PCA0CPM1
*SFR* 000000DCH   DATA     BYTE      PCA0CPM2
*SFR* 000000DDH   DATA     BYTE      PCA0CPM3
*SFR* 000000DEH   DATA     BYTE      PCA0CPM4
*SFR* 000000DFH   DATA     BYTE      PCA0CPM5
*SFR* 000000FAH   DATA     BYTE      PCA0H
*SFR* 000000F9H   DATA     BYTE      PCA0L
*SFR* 000000D9H   DATA     BYTE      PCA0MD
*SFR* 00000087H   DATA     BYTE      PCON
*SFR* 00000089H   DATA     BYTE      PLL0CN
*SFR* 0000008DH   DATA     BYTE      PLL0DIV
*SFR* 0000008FH   DATA     BYTE      PLL0FLT
*SFR* 0000008EH   DATA     BYTE      PLL0MUL
*SFR* 000000B8H.4 DATA     BIT       PS
*SFR* 000000B1H   DATA     BYTE      PSBANK
*SFR* 0000008FH   DATA     BYTE      PSCTL
*SFR* 000000D0H   DATA     BYTE      PSW
*SFR* 000000B8H.1 DATA     BIT       PT0
*SFR* 000000B8H.3 DATA     BIT       PT1
*SFR* 000000B8H.5 DATA     BIT       PT2
*SFR* 000000B8H   DATA     BIT       PX0
*SFR* 000000B8H.2 DATA     BIT       PX1
*SFR* 00000098H.2 DATA     BIT       RB80
*SFR* 00000098H.2 DATA     BIT       RB81
*SFR* 000000CBH   DATA     BYTE      RCAP2H
*SFR* 000000CAH   DATA     BYTE      RCAP2L
*SFR* 000000CBH   DATA     BYTE      RCAP3H
*SFR* 000000CAH   DATA     BYTE      RCAP3L
*SFR* 000000CBH   DATA     BYTE      RCAP4H
*SFR* 000000CAH   DATA     BYTE      RCAP4L
*SFR* 000000D1H   DATA     BYTE      REF0CN
*SFR* 00000098H.4 DATA     BIT       REN0
*SFR* 00000098H.4 DATA     BIT       REN1
*SFR* 00000098H   DATA     BIT       RI0
*SFR* 00000098H   DATA     BIT       RI1
*SFR* 000000D0H.3 DATA     BIT       RS0
*SFR* 000000D0H.4 DATA     BIT       RS1
*SFR* 000000EFH   DATA     BYTE      RSTSRC
*SFR* 000000F8H.4 DATA     BIT       RXOVRN
*SFR* 00000098H.7 DATA     BIT       S1MODE
*SFR* 000000A9H   DATA     BYTE      SADDR0
*SFR* 000000B9H   DATA     BYTE      SADEN0
*SFR* 00000099H   DATA     BYTE      SBUF0
*SFR* 00000099H   DATA     BYTE      SBUF1
*SFR* 00000098H   DATA     BYTE      SCON0
*SFR* 00000098H   DATA     BYTE      SCON1
*SFR* 00000086H   DATA     BYTE      SFRLAST
*SFR* 00000085H   DATA     BYTE      SFRNEXT
*SFR* 00000084H   DATA     BYTE      SFRPAGE
*SFR* 00000096H   DATA     BYTE      SFRPGCN
*SFR* 000000C0H.3 DATA     BIT       SI
*SFR* 00000098H.7 DATA     BIT       SM00
*SFR* 00000098H.6 DATA     BIT       SM10
*SFR* 00000098H.5 DATA     BIT       SM20
*SFR* 000000C3H   DATA     BYTE      SMB0ADR
*SFR* 000000C0H   DATA     BYTE      SMB0CN
*SFR* 000000CFH   DATA     BYTE      SMB0CR
*SFR* 000000C2H   DATA     BYTE      SMB0DAT
*SFR* 000000C1H   DATA     BYTE      SMB0STA
*SFR* 000000C0H.1 DATA     BIT       SMBFTE
*SFR* 000000C0H   DATA     BIT       SMBTOE
*SFR* 00000081H   DATA     BYTE      SP
LX51 LINKER/LOCATER V4.41                                                             10/04/2010  12:32:46  PAGE 7


*SFR* 0000009AH   DATA     BYTE      SPI0CFG
*SFR* 0000009DH   DATA     BYTE      SPI0CKR
*SFR* 000000F8H   DATA     BYTE      SPI0CN
*SFR* 0000009BH   DATA     BYTE      SPI0DAT
*SFR* 000000F8H   DATA     BIT       SPIEN
*SFR* 000000F8H.7 DATA     BIT       SPIF
*SFR* 00000091H   DATA     BYTE      SSTA0
*SFR* 000000C0H.5 DATA     BIT       STA
*SFR* 000000C0H.4 DATA     BIT       STO
*SFR* 00000098H.3 DATA     BIT       TB80
*SFR* 00000098H.3 DATA     BIT       TB81
*SFR* 00000088H   DATA     BYTE      TCON
*SFR* 00000088H.5 DATA     BIT       TF0
*SFR* 00000088H.7 DATA     BIT       TF1
*SFR* 000000C8H.7 DATA     BIT       TF2
*SFR* 000000C8H.7 DATA     BIT       TF3
*SFR* 000000C8H.7 DATA     BIT       TF4
*SFR* 0000008CH   DATA     BYTE      TH0
*SFR* 0000008DH   DATA     BYTE      TH1
*SFR* 00000098H.1 DATA     BIT       TI0
*SFR* 00000098H.1 DATA     BIT       TI1
*SFR* 0000008AH   DATA     BYTE      TL0
*SFR* 0000008BH   DATA     BYTE      TL1
*SFR* 00000089H   DATA     BYTE      TMOD
*SFR* 000000C9H   DATA     BYTE      TMR2CF
*SFR* 000000C8H   DATA     BYTE      TMR2CN
*SFR* 000000CDH   DATA     BYTE      TMR2H
*SFR* 000000CCH   DATA     BYTE      TMR2L
*SFR* 000000C9H   DATA     BYTE      TMR3CF
*SFR* 000000C8H   DATA     BYTE      TMR3CN
*SFR* 000000CDH   DATA     BYTE      TMR3H
*SFR* 000000CCH   DATA     BYTE      TMR3L
*SFR* 000000C9H   DATA     BYTE      TMR4CF
*SFR* 000000C8H   DATA     BYTE      TMR4CN
*SFR* 000000CDH   DATA     BYTE      TMR4H
*SFR* 000000CCH   DATA     BYTE      TMR4L
*SFR* 00000088H.4 DATA     BIT       TR0
*SFR* 00000088H.6 DATA     BIT       TR1
*SFR* 000000C8H.2 DATA     BIT       TR2
*SFR* 000000C8H.2 DATA     BIT       TR3
*SFR* 000000C8H.2 DATA     BIT       TR4
*SFR* 000000F8H.1 DATA     BIT       TXBMT
*SFR* 000000F8H.6 DATA     BIT       WCOL
*SFR* 000000FFH   DATA     BYTE      WDTCN
*SFR* 000000E1H   DATA     BYTE      XBR0
*SFR* 000000E2H   DATA     BYTE      XBR1
*SFR* 000000E3H   DATA     BYTE      XBR2



SYMBOL TABLE OF MODULE:  zb_bi (?C_STARTUP)

      VALUE       REP       CLASS    TYPE      SYMBOL NAME
      ====================================================
      ---         MODULE    ---      ---       ?C_STARTUP
      01000000H   PUBLIC    CODE     ---       ?C_STARTUP
      000000E0H   SYMBOL    DATA     ---       ACC
      000000F0H   SYMBOL    DATA     ---       B
      00000083H   SYMBOL    DATA     ---       DPH
      00000082H   SYMBOL    DATA     ---       DPL
      00000000H   SYMBOL    NUMBER   ---       IBPSTACK
      00000100H   SYMBOL    NUMBER   ---       IBPSTACKTOP
      00000080H   SYMBOL    NUMBER   ---       IDATALEN
      010001EEH   SYMBOL    CODE     ---       IDATALOOP
      00000000H   SYMBOL    NUMBER   ---       PBPSTACK
LX51 LINKER/LOCATER V4.41                                                             10/04/2010  12:32:46  PAGE 8


      00000100H   SYMBOL    NUMBER   ---       PBPSTACKTOP
      00000000H   SYMBOL    NUMBER   ---       PDATALEN
      00000000H   SYMBOL    NUMBER   ---       PDATASTART
      00000000H   SYMBOL    NUMBER   ---       PPAGE
      00000000H   SYMBOL    NUMBER   ---       PPAGEENABLE
      000000A0H   SYMBOL    DATA     ---       PPAGE_SFR
      00000081H   SYMBOL    DATA     ---       SP
      010001EBH   SYMBOL    CODE     ---       STARTUP1
      00000000H   SYMBOL    NUMBER   ---       XBPSTACK
      00000000H   SYMBOL    NUMBER   ---       XBPSTACKTOP
      00000000H   SYMBOL    NUMBER   ---       XDATALEN
      00000000H   SYMBOL    NUMBER   ---       XDATASTART
      01000000H   LINE      CODE     ---       #126
      010001EBH   LINE      CODE     ---       #133
      010001EDH   LINE      CODE     ---       #134
      010001EEH   LINE      CODE     ---       #135
      010001EFH   LINE      CODE     ---       #136
      010001F1H   LINE      CODE     ---       #185
      010001F4H   LINE      CODE     ---       #196

      ---         MODULE    ---      ---       ?BANK?SWITCHING
      01000003H   PUBLIC    CODE     ---       ?B_BANK0
      01000015H   PUBLIC    CODE     ---       ?B_BANK1
      01000027H   PUBLIC    CODE     ---       ?B_BANK2
      01000039H   PUBLIC    CODE     ---       ?B_BANK3
      00000090H   PUBLIC    DATA     ---       ?B_CURRENTBANK
      00000004H   PUBLIC    NUMBER   ---       ?B_FACTOR
      0000000CH   PUBLIC    NUMBER   ---       ?B_MASK
      00000000H   PUBLIC    NUMBER   ---       ?B_MODE
      00000004H   PUBLIC    NUMBER   ---       ?B_NBANKS
      000000FFH   PUBLIC    NUMBER   ---       ?B_RST_BANK
      01000200H   PUBLIC    CODE     ---       ?B_SWITCH0
      01000208H   PUBLIC    CODE     ---       ?B_SWITCH1
      01000210H   PUBLIC    CODE     ---       ?B_SWITCH2
      01000218H   PUBLIC    CODE     ---       ?B_SWITCH3
      0100004CH   PUBLIC    CODE     ---       ?B_SWITCHBANK_A
      0100004BH   PUBLIC    CODE     ---       _SWITCHBANK
      00000000H   SYMBOL    NUMBER   ---       ?BANK?SWITCHING
      00000002H   SYMBOL    NUMBER   ---       ?B_FIRSTBIT
      00000090H   SYMBOL    DATA     ---       ?B_PORT
      00000000H   SYMBOL    NUMBER   ---       ?B_RTX
      00000000H   SYMBOL    NUMBER   ---       ?B_VAR_BANKING
      000000E0H   SYMBOL    DATA     ---       ACC
      000000F0H   SYMBOL    DATA     ---       B
      00000000H   SYMBOL    NUMBER   ---       BANK0
      00000004H   SYMBOL    NUMBER   ---       BANK1
      00000008H   SYMBOL    NUMBER   ---       BANK2
      0000000CH   SYMBOL    NUMBER   ---       BANK3
      00000004H   SYMBOL    NUMBER   ---       CNT
      00000083H   SYMBOL    DATA     ---       DPH
      00000082H   SYMBOL    DATA     ---       DPL
      000000A8H.7 SYMBOL    BIT      ---       EA
      000000A8H   SYMBOL    DATA     ---       IE
      00000003H   SYMBOL    NUMBER   ---       MASK
      00000090H   SYMBOL    DATA     ---       P1

      ---         MODULE    ---      ---       MAIN
      0100017BH   PUBLIC    CODE     ---       main
      010001B5H   PUBLIC    CODE     ---       __low_level_init
      0100005DH   PUBLIC    CODE     ---       _f
      000000D8H.2 SFRSYM    DATA     BIT       CCF2
      00000098H.3 SFRSYM    DATA     BIT       TB80
      0000009DH   SFRSYM    DATA     BYTE      SPI0CKR
      000000D8H.3 SFRSYM    DATA     BIT       CCF3
      00000098H.3 SFRSYM    DATA     BIT       TB81
LX51 LINKER/LOCATER V4.41                                                             10/04/2010  12:32:46  PAGE 9


      00000080H   SFRSYM    DATA     BYTE      P0
      000000F8H   SFRSYM    DATA     BIT       SPIEN
      000000D8H.4 SFRSYM    DATA     BIT       CCF4
      00000098H.7 SFRSYM    DATA     BIT       SM00
      00000090H   SFRSYM    DATA     BYTE      P1
      0000008FH   SFRSYM    DATA     BYTE      PLL0FLT
      000000D8H.5 SFRSYM    DATA     BIT       CCF5
      000000C0H.2 SFRSYM    DATA     BIT       AA
      00000098H.6 SFRSYM    DATA     BIT       SM10
      000000FFH   SFRSYM    DATA     BYTE      WDTCN
      000000A0H   SFRSYM    DATA     BYTE      P2
      00000098H.5 SFRSYM    DATA     BIT       SM20
      000000BCH   SFRSYM    DATA     BYTE      ADC0CF
      000000B0H   SFRSYM    DATA     BYTE      P3
      000000D0H.6 SFRSYM    DATA     BIT       AC
      000000C8H   SFRSYM    DATA     BYTE      P4
      000000E6H   SFRSYM    DATA     BYTE      EIE1
      000000D8H   SFRSYM    DATA     BYTE      P5
      000000BCH   SFRSYM    DATA     BYTE      ADC2CF
      000000A8H.7 SFRSYM    DATA     BIT       EA
      000000E8H   SFRSYM    DATA     BYTE      P6
      000000E7H   SFRSYM    DATA     BYTE      EIE2
      00000098H.5 SFRSYM    DATA     BIT       MCE1
      000000F8H   SFRSYM    DATA     BYTE      P7
      0000008FH   SFRSYM    DATA     BYTE      PSCTL
      000000D8H.7 SFRSYM    DATA     BIT       CF
      0000008EH   SFRSYM    DATA     BYTE      PLL0MUL
      000000E8H   SFRSYM    DATA     BYTE      ADC0CN
      000000D4H   SFRSYM    DATA     BYTE      DAC0CN
      00000084H   SFRSYM    DATA     BYTE      SFRPAGE
      000000D4H   SFRSYM    DATA     BYTE      DAC1CN
      000000C3H   SFRSYM    DATA     BYTE      MAC0CF
      000000C2H   SFRSYM    DATA     BYTE      MAC0AH
      000000A4H   SFRSYM    DATA     BYTE      P0MDOUT
      000000E8H   SFRSYM    DATA     BYTE      ADC2CN
      000000A5H   SFRSYM    DATA     BYTE      P1MDOUT
      00000092H   SFRSYM    DATA     BYTE      MAC0BH
      000000A8H   SFRSYM    DATA     BYTE      IE
      000000A6H   SFRSYM    DATA     BYTE      P2MDOUT
      0000009AH   SFRSYM    DATA     BYTE      CCH0MA
      000000A7H   SFRSYM    DATA     BYTE      P3MDOUT
      000000A3H   SFRSYM    DATA     BYTE      CCH0LC
      000000F6H   SFRSYM    DATA     BYTE      EIP1
      000000C1H   SFRSYM    DATA     BYTE      MAC0AL
      0000009CH   SFRSYM    DATA     BYTE      P4MDOUT
      000000F8H.1 SFRSYM    DATA     BIT       TXBMT
      000000F7H   SFRSYM    DATA     BYTE      EIP2
      000000A1H   SFRSYM    DATA     BYTE      CCH0CN
      0000009DH   SFRSYM    DATA     BYTE      P5MDOUT
      00000091H   SFRSYM    DATA     BYTE      MAC0BL
      000000FCH   SFRSYM    DATA     BYTE      PCA0CPH0
      0000009EH   SFRSYM    DATA     BYTE      P6MDOUT
      000000FEH   SFRSYM    DATA     BYTE      PCA0CPH1
      0000009FH   SFRSYM    DATA     BYTE      P7MDOUT
      000000EAH   SFRSYM    DATA     BYTE      PCA0CPH2
      000000D8H.6 SFRSYM    DATA     BIT       CR
      000000ECH   SFRSYM    DATA     BYTE      PCA0CPH3
      000000C8H.6 SFRSYM    DATA     BIT       EXF2
      00000098H.4 SFRSYM    DATA     BIT       REN0
      000000FBH   SFRSYM    DATA     BYTE      PCA0CPL0
      000000EEH   SFRSYM    DATA     BYTE      PCA0CPH4
      000000A3H   SFRSYM    DATA     BYTE      EMI0CF
      00000096H   SFRSYM    DATA     BYTE      SFRPGCN
      000000C8H.6 SFRSYM    DATA     BIT       EXF3
      00000098H.4 SFRSYM    DATA     BIT       REN1
LX51 LINKER/LOCATER V4.41                                                             10/04/2010  12:32:46  PAGE 10


      000000FDH   SFRSYM    DATA     BYTE      PCA0CPL1
      000000E2H   SFRSYM    DATA     BYTE      PCA0CPH5
      000000DAH   SFRSYM    DATA     BYTE      PCA0CPM0
      000000D9H   SFRSYM    DATA     BYTE      PCA0MD
      000000D8H   SFRSYM    DATA     BYTE      PCA0CN
      000000C4H   SFRSYM    DATA     BYTE      ADC2GT
      000000C8H.6 SFRSYM    DATA     BIT       EXF4
      000000E9H   SFRSYM    DATA     BYTE      PCA0CPL2
      000000DBH   SFRSYM    DATA     BYTE      PCA0CPM1
      000000EBH   SFRSYM    DATA     BYTE      PCA0CPL3
      000000DCH   SFRSYM    DATA     BYTE      PCA0CPM2
      000000B8H   SFRSYM    DATA     BYTE      IP
      000000C0H.3 SFRSYM    DATA     BIT       MAC0HO
      00000088H.4 SFRSYM    DATA     BIT       CP0FIF
      000000EDH   SFRSYM    DATA     BYTE      PCA0CPL4
      000000DDH   SFRSYM    DATA     BYTE      PCA0CPM3
      00000088H.4 SFRSYM    DATA     BIT       CP1FIF
      000000E1H   SFRSYM    DATA     BYTE      PCA0CPL5
      000000DEH   SFRSYM    DATA     BYTE      PCA0CPM4
      000000D0H.7 SFRSYM    DATA     BIT       CY
      000000C0H.3 SFRSYM    DATA     BIT       SI
      000000DFH   SFRSYM    DATA     BYTE      PCA0CPM5
      000000C6H   SFRSYM    DATA     BYTE      ADC2LT
      000000E1H   SFRSYM    DATA     BYTE      XBR0
      000000B9H   SFRSYM    DATA     BYTE      SADEN0
      000000E2H   SFRSYM    DATA     BYTE      XBR1
      000000A2H   SFRSYM    DATA     BYTE      EMI0CN
      000000E3H   SFRSYM    DATA     BYTE      XBR2
      00000088H   SFRSYM    DATA     BIT       FLHBUSY
      000000D1H   SFRSYM    DATA     BYTE      REF0CN
      000000A9H   SFRSYM    DATA     BYTE      SADDR0
      000000BAH   SFRSYM    DATA     BYTE      AMX0CF
      000000E8H.5 SFRSYM    DATA     BIT       AD0INT
      000000CBH   SFRSYM    DATA     BYTE      RCAP2H
      000000A2H   SFRSYM    DATA     BYTE      CCH0TN
      00000086H   SFRSYM    DATA     BYTE      SFRLAST
      000000B8H.4 SFRSYM    DATA     BIT       PS
      000000CBH   SFRSYM    DATA     BYTE      RCAP3H
      000000BAH   SFRSYM    DATA     BYTE      AMX2CF
      00000081H   SFRSYM    DATA     BYTE      SP
      000000E8H.5 SFRSYM    DATA     BIT       AD2INT
      000000CBH   SFRSYM    DATA     BYTE      RCAP4H
      000000A1H   SFRSYM    DATA     BYTE      EMI0TC
      000000D0H.2 SFRSYM    DATA     BIT       OV
      000000C0H.1 SFRSYM    DATA     BIT       MAC0SO
      000000C0H   SFRSYM    DATA     BYTE      SMB0CN
      00000088H.5 SFRSYM    DATA     BIT       CP0RIF
      000000CAH   SFRSYM    DATA     BYTE      RCAP2L
      000000F8H.5 SFRSYM    DATA     BIT       MODF
      00000088H.5 SFRSYM    DATA     BIT       CP1RIF
      000000CAH   SFRSYM    DATA     BYTE      RCAP3L
      000000CAH   SFRSYM    DATA     BYTE      RCAP4L
      000000CFH   SFRSYM    DATA     BYTE      SMB0CR
      00000089H   SFRSYM    DATA     BYTE      CPT0MD
      00000088H   SFRSYM    DATA     BYTE      CPT0CN
      00000098H.7 SFRSYM    DATA     BIT       S1MODE
      000000ADH   SFRSYM    DATA     BYTE      P1MDIN
      00000089H   SFRSYM    DATA     BYTE      PLL0CN
      00000089H   SFRSYM    DATA     BYTE      CPT1MD
      00000088H   SFRSYM    DATA     BYTE      CPT1CN
      00000085H   SFRSYM    DATA     BYTE      SFRNEXT
      000000F8H   SFRSYM    DATA     BYTE      SPI0CN
      000000CFH   SFRSYM    DATA     BYTE      MAC0RNDH
      000000C9H   SFRSYM    DATA     BYTE      TMR2CF
      000000C9H   SFRSYM    DATA     BYTE      TMR3CF
LX51 LINKER/LOCATER V4.41                                                             10/04/2010  12:32:46  PAGE 11


      00000087H   SFRSYM    DATA     BYTE      PCON
      000000C9H   SFRSYM    DATA     BYTE      TMR4CF
      000000F8H.7 SFRSYM    DATA     BIT       SPIF
      000000CEH   SFRSYM    DATA     BYTE      MAC0RNDL
      00000089H   SFRSYM    DATA     BYTE      TMOD
      00000088H   SFRSYM    DATA     BYTE      TCON
      000000F8H.6 SFRSYM    DATA     BIT       WCOL
      000000F8H.2 SFRSYM    DATA     BIT       NSSMD0
      000000BBH   SFRSYM    DATA     BYTE      AMX0SL
      000000F8H.3 SFRSYM    DATA     BIT       NSSMD1
      000000C8H   SFRSYM    DATA     BYTE      TMR2CN
      000000C8H   SFRSYM    DATA     BYTE      TMR3CN
      000000BBH   SFRSYM    DATA     BYTE      AMX2SL
      000000C8H   SFRSYM    DATA     BYTE      TMR4CN
      00000088H.6 SFRSYM    DATA     BIT       CP0OUT
      00000088H.6 SFRSYM    DATA     BIT       CP1OUT
      00000088H.1 SFRSYM    DATA     BIT       IE0
      00000088H.3 SFRSYM    DATA     BIT       IE1
      0000008BH   SFRSYM    DATA     BYTE      OSCICL
      00000097H   SFRSYM    DATA     BYTE      CLKSEL
      000000F0H   SFRSYM    DATA     BYTE      B
      000000D3H   SFRSYM    DATA     BYTE      DAC0H
      000000BFH   SFRSYM    DATA     BYTE      ADC0H
      000000B1H   SFRSYM    DATA     BYTE      PSBANK
      0000008AH   SFRSYM    DATA     BYTE      OSCICN
      000000D3H   SFRSYM    DATA     BYTE      DAC1H
      000000C0H.1 SFRSYM    DATA     BIT       SMBFTE
      000000C0H.7 SFRSYM    DATA     BIT       BUSY
      000000D2H   SFRSYM    DATA     BYTE      DAC0L
      000000BEH   SFRSYM    DATA     BYTE      ADC0L
      000000D2H   SFRSYM    DATA     BYTE      DAC1L
      000000E0H   SFRSYM    DATA     BYTE      ACC
      000000A8H.4 SFRSYM    DATA     BIT       ES0
      000000E8H.7 SFRSYM    DATA     BIT       AD0EN
      000000C8H.1 SFRSYM    DATA     BIT       CT2
      000000A8H.1 SFRSYM    DATA     BIT       ET0
      000000C8H.1 SFRSYM    DATA     BIT       CT3
      000000A8H.3 SFRSYM    DATA     BIT       ET1
      00000088H.5 SFRSYM    DATA     BIT       TF0
      000000E8H.7 SFRSYM    DATA     BIT       AD2EN
      000000C8H.1 SFRSYM    DATA     BIT       CT4
      000000A8H.5 SFRSYM    DATA     BIT       ET2
      00000098H   SFRSYM    DATA     BIT       RI0
      00000088H.7 SFRSYM    DATA     BIT       TF1
      000000C8H.7 SFRSYM    DATA     BIT       TF2
      000000C0H   SFRSYM    DATA     BIT       SMBTOE
      00000098H   SFRSYM    DATA     BIT       RI1
      0000008CH   SFRSYM    DATA     BYTE      TH0
      000000C8H.7 SFRSYM    DATA     BIT       TF3
      000000A8H   SFRSYM    DATA     BIT       EX0
      00000098H.1 SFRSYM    DATA     BIT       TI0
      00000088H   SFRSYM    DATA     BIT       IT0
      000000FAH   SFRSYM    DATA     BYTE      PCA0H
      0000008DH   SFRSYM    DATA     BYTE      TH1
      000000C8H.7 SFRSYM    DATA     BIT       TF4
      000000A8H.2 SFRSYM    DATA     BIT       EX1
      00000098H.1 SFRSYM    DATA     BIT       TI1
      00000088H.2 SFRSYM    DATA     BIT       IT1
      000000D0H   SFRSYM    DATA     BIT       P
      000000C0H   SFRSYM    DATA     BIT       MAC0N
      0000008CH   SFRSYM    DATA     BYTE      OSCXCN
      0000008AH   SFRSYM    DATA     BYTE      TL0
      00000088H   SFRSYM    DATA     BYTE      FLSTAT
      000000F9H   SFRSYM    DATA     BYTE      PCA0L
      0000008BH   SFRSYM    DATA     BYTE      TL1
LX51 LINKER/LOCATER V4.41                                                             10/04/2010  12:32:46  PAGE 12


      000000B8H.1 SFRSYM    DATA     BIT       PT0
      000000D0H.3 SFRSYM    DATA     BIT       RS0
      000000B8H.3 SFRSYM    DATA     BIT       PT1
      000000D0H.4 SFRSYM    DATA     BIT       RS1
      000000B8H.5 SFRSYM    DATA     BIT       PT2
      00000088H.4 SFRSYM    DATA     BIT       TR0
      000000E8H.6 SFRSYM    DATA     BIT       AD0TM
      00000088H.7 SFRSYM    DATA     BIT       CP0EN
      00000088H.6 SFRSYM    DATA     BIT       TR1
      000000C8H.2 SFRSYM    DATA     BIT       TR2
      000000B8H   SFRSYM    DATA     BIT       PX0
      00000088H.7 SFRSYM    DATA     BIT       CP1EN
      000000E8H.6 SFRSYM    DATA     BIT       AD2TM
      000000C8H.2 SFRSYM    DATA     BIT       TR3
      000000B8H.2 SFRSYM    DATA     BIT       PX1
      000000C8H.2 SFRSYM    DATA     BIT       TR4
      000000C0H.2 SFRSYM    DATA     BIT       MAC0Z
      00000083H   SFRSYM    DATA     BYTE      DPH
      000000C5H   SFRSYM    DATA     BYTE      ADC0GTH
      00000082H   SFRSYM    DATA     BYTE      DPL
      000000C4H   SFRSYM    DATA     BYTE      ADC0GTL
      00000099H   SFRSYM    DATA     BYTE      SBUF0
      000000C7H   SFRSYM    DATA     BYTE      ADC0LTH
      00000099H   SFRSYM    DATA     BYTE      SBUF1
      000000C8H.3 SFRSYM    DATA     BIT       EXEN2
      000000EFH   SFRSYM    DATA     BYTE      RSTSRC
      000000B7H   SFRSYM    DATA     BYTE      FLACL
      000000C8H.3 SFRSYM    DATA     BIT       EXEN3
      000000C8H   SFRSYM    DATA     BIT       CPRL2
      00000088H   SFRSYM    DATA     BIT       CP0HYN0
      00000098H   SFRSYM    DATA     BYTE      SCON0
      000000C8H.3 SFRSYM    DATA     BIT       EXEN4
      000000C8H   SFRSYM    DATA     BIT       CPRL3
      00000088H   SFRSYM    DATA     BIT       CP1HYN0
      00000088H.1 SFRSYM    DATA     BIT       CP0HYN1
      00000098H   SFRSYM    DATA     BYTE      SCON1
      000000C8H   SFRSYM    DATA     BIT       CPRL4
      00000088H.1 SFRSYM    DATA     BIT       CP1HYN1
      00000088H.2 SFRSYM    DATA     BIT       CP0HYP0
      000000C6H   SFRSYM    DATA     BYTE      ADC0LTL
      00000088H.2 SFRSYM    DATA     BIT       CP1HYP0
      00000088H.3 SFRSYM    DATA     BIT       CP0HYP1
      000000C0H.5 SFRSYM    DATA     BIT       STA
      00000088H.3 SFRSYM    DATA     BIT       CP1HYP1
      000000C3H   SFRSYM    DATA     BYTE      SMB0ADR
      000000C0H   SFRSYM    DATA     BYTE      MAC0STA
      00000091H   SFRSYM    DATA     BYTE      SSTA0
      000000C2H   SFRSYM    DATA     BYTE      SMB0DAT
      000000CDH   SFRSYM    DATA     BYTE      TMR2H
      0000009AH   SFRSYM    DATA     BYTE      SPI0CFG
      000000CDH   SFRSYM    DATA     BYTE      TMR3H
      0000008EH   SFRSYM    DATA     BYTE      CKCON
      000000CDH   SFRSYM    DATA     BYTE      TMR4H
      000000F8H.4 SFRSYM    DATA     BIT       RXOVRN
      000000CCH   SFRSYM    DATA     BYTE      TMR2L
      000000CCH   SFRSYM    DATA     BYTE      TMR3L
      000000E8H   SFRSYM    DATA     BIT       AD0LJST
      000000CCH   SFRSYM    DATA     BYTE      TMR4L
      000000D0H.5 SFRSYM    DATA     BIT       F0
      000000B7H   SFRSYM    DATA     BYTE      FLSCL
      000000E8H.2 SFRSYM    DATA     BIT       AD0CM0
      000000D0H.1 SFRSYM    DATA     BIT       F1
      000000C0H.4 SFRSYM    DATA     BIT       STO
      000000C0H.6 SFRSYM    DATA     BIT       ENSMB
      000000E8H.3 SFRSYM    DATA     BIT       AD0CM1
LX51 LINKER/LOCATER V4.41                                                             10/04/2010  12:32:46  PAGE 13


      0000009BH   SFRSYM    DATA     BYTE      SPI0DAT
      000000E8H.1 SFRSYM    DATA     BIT       AD2CM0
      000000E8H.2 SFRSYM    DATA     BIT       AD2CM1
      000000E8H.1 SFRSYM    DATA     BIT       AD0WINT
      000000E8H.3 SFRSYM    DATA     BIT       AD2CM2
      000000E8H.4 SFRSYM    DATA     BIT       AD0BUSY
      000000D0H   SFRSYM    DATA     BYTE      PSW
      000000BEH   SFRSYM    DATA     BYTE      ADC2
      00000097H   SFRSYM    DATA     BYTE      MAC0OVR
      00000093H   SFRSYM    DATA     BYTE      MAC0ACC0
      000000E8H   SFRSYM    DATA     BIT       AD2WINT
      00000094H   SFRSYM    DATA     BYTE      MAC0ACC1
      000000E8H.4 SFRSYM    DATA     BIT       AD2BUSY
      000000D8H   SFRSYM    DATA     BIT       CCF0
      00000098H.2 SFRSYM    DATA     BIT       RB80
      000000C1H   SFRSYM    DATA     BYTE      SMB0STA
      00000095H   SFRSYM    DATA     BYTE      MAC0ACC2
      000000D8H.1 SFRSYM    DATA     BIT       CCF1
      00000098H.2 SFRSYM    DATA     BIT       RB81
      00000096H   SFRSYM    DATA     BYTE      MAC0ACC3
      0000008DH   SFRSYM    DATA     BYTE      PLL0DIV

      0100005DH   BLOCK     CODE     ---       LVL=0
      02000000H   SYMBOL    XDATA    WORD      count
      01000065H   BLOCK     CODE     NEAR LAB  LVL=1
      02000002H   SYMBOL    XDATA    LONG      j
      02000006H   SYMBOL    XDATA    LONG      k
      ---         BLOCKEND  ---      ---       LVL=1
      0100005DH   LINE      CODE     ---       #5
      01000065H   LINE      CODE     ---       #6
      01000065H   LINE      CODE     ---       #9
      0100008EH   LINE      CODE     ---       #10
      0100008EH   LINE      CODE     ---       #11
      010000BCH   LINE      CODE     ---       #12
      010000E6H   LINE      CODE     ---       #13
      010000F4H   LINE      CODE     ---       #14
      ---         BLOCKEND  ---      ---       LVL=0

      010001B5H   BLOCK     CODE     ---       LVL=0
      010001B5H   LINE      CODE     ---       #19
      010001B5H   LINE      CODE     ---       #20
      010001B5H   LINE      CODE     ---       #25
      010001B8H   LINE      CODE     ---       #26
      010001BBH   LINE      CODE     ---       #27
      010001BEH   LINE      CODE     ---       #28
      010001C1H   LINE      CODE     ---       #30
      010001C6H   LINE      CODE     ---       #33
      010001C9H   LINE      CODE     ---       #35
      010001CCH   LINE      CODE     ---       #37
      010001CFH   LINE      CODE     ---       #38
      010001D2H   LINE      CODE     ---       #39
      010001D5H   LINE      CODE     ---       #40
      010001D8H   LINE      CODE     ---       #41
      010001DBH   LINE      CODE     ---       #43
      010001DEH   LINE      CODE     ---       #44
      010001E1H   LINE      CODE     ---       #45
      010001E4H   LINE      CODE     ---       #46
      010001E7H   LINE      CODE     ---       #47
      010001EAH   LINE      CODE     ---       #49
      ---         BLOCKEND  ---      ---       LVL=0

      0100017BH   BLOCK     CODE     ---       LVL=0
      0100017BH   BLOCK     CODE     NEAR LAB  LVL=1
      0200000FH   SYMBOL    XDATA    WORD      t
      02000011H   SYMBOL    XDATA    WORD      l
LX51 LINKER/LOCATER V4.41                                                             10/04/2010  12:32:46  PAGE 14


      ---         BLOCKEND  ---      ---       LVL=1
      0100017BH   LINE      CODE     ---       #51
      0100017BH   LINE      CODE     ---       #52
      0100017BH   LINE      CODE     ---       #54
      01000184H   LINE      CODE     ---       #55
      0100019CH   LINE      CODE     ---       #57
      0100019FH   LINE      CODE     ---       #58
      010001A6H   LINE      CODE     ---       #59
      010001ADH   LINE      CODE     ---       #60
      010001B4H   LINE      CODE     ---       #62
      ---         BLOCKEND  ---      ---       LVL=0

      ---         MODULE    ---      ---       FUNC
      0081804FH   PUBLIC    CODE/B1  ---       _led
      00818000H   PUBLIC    CODE/B1  ---       _caller
      000000D8H.2 SFRSYM    DATA     BIT       CCF2
      00000098H.3 SFRSYM    DATA     BIT       TB80
      0000009DH   SFRSYM    DATA     BYTE      SPI0CKR
      000000D8H.3 SFRSYM    DATA     BIT       CCF3
      00000098H.3 SFRSYM    DATA     BIT       TB81
      00000080H   SFRSYM    DATA     BYTE      P0
      000000F8H   SFRSYM    DATA     BIT       SPIEN
      000000D8H.4 SFRSYM    DATA     BIT       CCF4
      00000098H.7 SFRSYM    DATA     BIT       SM00
      00000090H   SFRSYM    DATA     BYTE      P1
      0000008FH   SFRSYM    DATA     BYTE      PLL0FLT
      000000D8H.5 SFRSYM    DATA     BIT       CCF5
      000000C0H.2 SFRSYM    DATA     BIT       AA
      00000098H.6 SFRSYM    DATA     BIT       SM10
      000000FFH   SFRSYM    DATA     BYTE      WDTCN
      000000A0H   SFRSYM    DATA     BYTE      P2
      00000098H.5 SFRSYM    DATA     BIT       SM20
      000000BCH   SFRSYM    DATA     BYTE      ADC0CF
      000000B0H   SFRSYM    DATA     BYTE      P3
      000000D0H.6 SFRSYM    DATA     BIT       AC
      000000C8H   SFRSYM    DATA     BYTE      P4
      000000E6H   SFRSYM    DATA     BYTE      EIE1
      000000D8H   SFRSYM    DATA     BYTE      P5
      000000BCH   SFRSYM    DATA     BYTE      ADC2CF
      000000A8H.7 SFRSYM    DATA     BIT       EA
      000000E8H   SFRSYM    DATA     BYTE      P6
      000000E7H   SFRSYM    DATA     BYTE      EIE2
      000000B0H   SFRSYM    DATA     BIT       LED1
      00000098H.5 SFRSYM    DATA     BIT       MCE1
      000000F8H   SFRSYM    DATA     BYTE      P7
      000000B0H.1 SFRSYM    DATA     BIT       LED2
      0000008FH   SFRSYM    DATA     BYTE      PSCTL
      000000D8H.7 SFRSYM    DATA     BIT       CF
      0000008EH   SFRSYM    DATA     BYTE      PLL0MUL
      000000E8H   SFRSYM    DATA     BYTE      ADC0CN
      000000D4H   SFRSYM    DATA     BYTE      DAC0CN
      00000084H   SFRSYM    DATA     BYTE      SFRPAGE
      000000D4H   SFRSYM    DATA     BYTE      DAC1CN
      000000C3H   SFRSYM    DATA     BYTE      MAC0CF
      000000C2H   SFRSYM    DATA     BYTE      MAC0AH
      000000A4H   SFRSYM    DATA     BYTE      P0MDOUT
      000000E8H   SFRSYM    DATA     BYTE      ADC2CN
      000000A5H   SFRSYM    DATA     BYTE      P1MDOUT
      00000092H   SFRSYM    DATA     BYTE      MAC0BH
      000000A8H   SFRSYM    DATA     BYTE      IE
      000000A6H   SFRSYM    DATA     BYTE      P2MDOUT
      0000009AH   SFRSYM    DATA     BYTE      CCH0MA
      000000A7H   SFRSYM    DATA     BYTE      P3MDOUT
      000000A3H   SFRSYM    DATA     BYTE      CCH0LC
      000000F6H   SFRSYM    DATA     BYTE      EIP1
LX51 LINKER/LOCATER V4.41                                                             10/04/2010  12:32:46  PAGE 15


      000000C1H   SFRSYM    DATA     BYTE      MAC0AL
      0000009CH   SFRSYM    DATA     BYTE      P4MDOUT
      000000F8H.1 SFRSYM    DATA     BIT       TXBMT
      000000F7H   SFRSYM    DATA     BYTE      EIP2
      000000A1H   SFRSYM    DATA     BYTE      CCH0CN
      0000009DH   SFRSYM    DATA     BYTE      P5MDOUT
      00000091H   SFRSYM    DATA     BYTE      MAC0BL
      000000FCH   SFRSYM    DATA     BYTE      PCA0CPH0
      0000009EH   SFRSYM    DATA     BYTE      P6MDOUT
      000000FEH   SFRSYM    DATA     BYTE      PCA0CPH1
      0000009FH   SFRSYM    DATA     BYTE      P7MDOUT
      000000EAH   SFRSYM    DATA     BYTE      PCA0CPH2
      000000D8H.6 SFRSYM    DATA     BIT       CR
      000000ECH   SFRSYM    DATA     BYTE      PCA0CPH3
      000000C8H.6 SFRSYM    DATA     BIT       EXF2
      00000098H.4 SFRSYM    DATA     BIT       REN0
      000000FBH   SFRSYM    DATA     BYTE      PCA0CPL0
      000000EEH   SFRSYM    DATA     BYTE      PCA0CPH4
      000000A3H   SFRSYM    DATA     BYTE      EMI0CF
      00000096H   SFRSYM    DATA     BYTE      SFRPGCN
      000000C8H.6 SFRSYM    DATA     BIT       EXF3
      00000098H.4 SFRSYM    DATA     BIT       REN1
      000000FDH   SFRSYM    DATA     BYTE      PCA0CPL1
      000000E2H   SFRSYM    DATA     BYTE      PCA0CPH5
      000000DAH   SFRSYM    DATA     BYTE      PCA0CPM0
      000000D9H   SFRSYM    DATA     BYTE      PCA0MD
      000000D8H   SFRSYM    DATA     BYTE      PCA0CN
      000000C4H   SFRSYM    DATA     BYTE      ADC2GT
      000000C8H.6 SFRSYM    DATA     BIT       EXF4
      000000E9H   SFRSYM    DATA     BYTE      PCA0CPL2
      000000DBH   SFRSYM    DATA     BYTE      PCA0CPM1
      000000EBH   SFRSYM    DATA     BYTE      PCA0CPL3
      000000DCH   SFRSYM    DATA     BYTE      PCA0CPM2
      000000B8H   SFRSYM    DATA     BYTE      IP
      000000C0H.3 SFRSYM    DATA     BIT       MAC0HO
      00000088H.4 SFRSYM    DATA     BIT       CP0FIF
      000000EDH   SFRSYM    DATA     BYTE      PCA0CPL4
      000000DDH   SFRSYM    DATA     BYTE      PCA0CPM3
      00000088H.4 SFRSYM    DATA     BIT       CP1FIF
      000000E1H   SFRSYM    DATA     BYTE      PCA0CPL5
      000000DEH   SFRSYM    DATA     BYTE      PCA0CPM4
      000000D0H.7 SFRSYM    DATA     BIT       CY
      000000C0H.3 SFRSYM    DATA     BIT       SI
      000000DFH   SFRSYM    DATA     BYTE      PCA0CPM5
      000000C6H   SFRSYM    DATA     BYTE      ADC2LT
      000000E1H   SFRSYM    DATA     BYTE      XBR0
      000000B9H   SFRSYM    DATA     BYTE      SADEN0
      000000E2H   SFRSYM    DATA     BYTE      XBR1
      000000A2H   SFRSYM    DATA     BYTE      EMI0CN
      000000E3H   SFRSYM    DATA     BYTE      XBR2
      00000088H   SFRSYM    DATA     BIT       FLHBUSY
      000000D1H   SFRSYM    DATA     BYTE      REF0CN
      000000A9H   SFRSYM    DATA     BYTE      SADDR0
      000000BAH   SFRSYM    DATA     BYTE      AMX0CF
      000000E8H.5 SFRSYM    DATA     BIT       AD0INT
      000000CBH   SFRSYM    DATA     BYTE      RCAP2H
      000000A2H   SFRSYM    DATA     BYTE      CCH0TN
      00000086H   SFRSYM    DATA     BYTE      SFRLAST
      000000B8H.4 SFRSYM    DATA     BIT       PS
      000000CBH   SFRSYM    DATA     BYTE      RCAP3H
      000000BAH   SFRSYM    DATA     BYTE      AMX2CF
      00000081H   SFRSYM    DATA     BYTE      SP
      000000E8H.5 SFRSYM    DATA     BIT       AD2INT
      000000CBH   SFRSYM    DATA     BYTE      RCAP4H
      000000A1H   SFRSYM    DATA     BYTE      EMI0TC
LX51 LINKER/LOCATER V4.41                                                             10/04/2010  12:32:46  PAGE 16


      000000D0H.2 SFRSYM    DATA     BIT       OV
      000000C0H.1 SFRSYM    DATA     BIT       MAC0SO
      000000C0H   SFRSYM    DATA     BYTE      SMB0CN
      00000088H.5 SFRSYM    DATA     BIT       CP0RIF
      000000CAH   SFRSYM    DATA     BYTE      RCAP2L
      000000F8H.5 SFRSYM    DATA     BIT       MODF
      00000088H.5 SFRSYM    DATA     BIT       CP1RIF
      000000CAH   SFRSYM    DATA     BYTE      RCAP3L
      000000CAH   SFRSYM    DATA     BYTE      RCAP4L
      000000CFH   SFRSYM    DATA     BYTE      SMB0CR
      00000089H   SFRSYM    DATA     BYTE      CPT0MD
      00000088H   SFRSYM    DATA     BYTE      CPT0CN
      00000098H.7 SFRSYM    DATA     BIT       S1MODE
      000000ADH   SFRSYM    DATA     BYTE      P1MDIN
      00000089H   SFRSYM    DATA     BYTE      PLL0CN
      00000089H   SFRSYM    DATA     BYTE      CPT1MD
      00000088H   SFRSYM    DATA     BYTE      CPT1CN
      00000085H   SFRSYM    DATA     BYTE      SFRNEXT
      000000F8H   SFRSYM    DATA     BYTE      SPI0CN
      000000CFH   SFRSYM    DATA     BYTE      MAC0RNDH
      000000C9H   SFRSYM    DATA     BYTE      TMR2CF
      000000C9H   SFRSYM    DATA     BYTE      TMR3CF
      00000087H   SFRSYM    DATA     BYTE      PCON
      000000C9H   SFRSYM    DATA     BYTE      TMR4CF
      000000F8H.7 SFRSYM    DATA     BIT       SPIF
      000000CEH   SFRSYM    DATA     BYTE      MAC0RNDL
      00000089H   SFRSYM    DATA     BYTE      TMOD
      00000088H   SFRSYM    DATA     BYTE      TCON
      000000F8H.6 SFRSYM    DATA     BIT       WCOL
      000000F8H.2 SFRSYM    DATA     BIT       NSSMD0
      000000BBH   SFRSYM    DATA     BYTE      AMX0SL
      000000F8H.3 SFRSYM    DATA     BIT       NSSMD1
      000000C8H   SFRSYM    DATA     BYTE      TMR2CN
      000000C8H   SFRSYM    DATA     BYTE      TMR3CN
      000000BBH   SFRSYM    DATA     BYTE      AMX2SL
      000000C8H   SFRSYM    DATA     BYTE      TMR4CN
      00000088H.6 SFRSYM    DATA     BIT       CP0OUT
      00000088H.6 SFRSYM    DATA     BIT       CP1OUT
      00000088H.1 SFRSYM    DATA     BIT       IE0
      00000088H.3 SFRSYM    DATA     BIT       IE1
      0000008BH   SFRSYM    DATA     BYTE      OSCICL
      00000097H   SFRSYM    DATA     BYTE      CLKSEL
      000000F0H   SFRSYM    DATA     BYTE      B
      000000D3H   SFRSYM    DATA     BYTE      DAC0H
      000000BFH   SFRSYM    DATA     BYTE      ADC0H
      000000B1H   SFRSYM    DATA     BYTE      PSBANK
      0000008AH   SFRSYM    DATA     BYTE      OSCICN
      000000D3H   SFRSYM    DATA     BYTE      DAC1H
      000000C0H.1 SFRSYM    DATA     BIT       SMBFTE
      000000C0H.7 SFRSYM    DATA     BIT       BUSY
      000000D2H   SFRSYM    DATA     BYTE      DAC0L
      000000BEH   SFRSYM    DATA     BYTE      ADC0L
      000000D2H   SFRSYM    DATA     BYTE      DAC1L
      000000E0H   SFRSYM    DATA     BYTE      ACC
      000000A8H.4 SFRSYM    DATA     BIT       ES0
      000000E8H.7 SFRSYM    DATA     BIT       AD0EN
      000000C8H.1 SFRSYM    DATA     BIT       CT2
      000000A8H.1 SFRSYM    DATA     BIT       ET0
      000000C8H.1 SFRSYM    DATA     BIT       CT3
      000000A8H.3 SFRSYM    DATA     BIT       ET1
      00000088H.5 SFRSYM    DATA     BIT       TF0
      000000E8H.7 SFRSYM    DATA     BIT       AD2EN
      000000C8H.1 SFRSYM    DATA     BIT       CT4
      000000A8H.5 SFRSYM    DATA     BIT       ET2
      00000098H   SFRSYM    DATA     BIT       RI0
LX51 LINKER/LOCATER V4.41                                                             10/04/2010  12:32:46  PAGE 17


      00000088H.7 SFRSYM    DATA     BIT       TF1
      000000C8H.7 SFRSYM    DATA     BIT       TF2
      000000C0H   SFRSYM    DATA     BIT       SMBTOE
      00000098H   SFRSYM    DATA     BIT       RI1
      0000008CH   SFRSYM    DATA     BYTE      TH0
      000000C8H.7 SFRSYM    DATA     BIT       TF3
      000000A8H   SFRSYM    DATA     BIT       EX0
      00000098H.1 SFRSYM    DATA     BIT       TI0
      00000088H   SFRSYM    DATA     BIT       IT0
      000000FAH   SFRSYM    DATA     BYTE      PCA0H
      0000008DH   SFRSYM    DATA     BYTE      TH1
      000000C8H.7 SFRSYM    DATA     BIT       TF4
      000000A8H.2 SFRSYM    DATA     BIT       EX1
      00000098H.1 SFRSYM    DATA     BIT       TI1
      00000088H.2 SFRSYM    DATA     BIT       IT1
      000000D0H   SFRSYM    DATA     BIT       P
      000000C0H   SFRSYM    DATA     BIT       MAC0N
      0000008CH   SFRSYM    DATA     BYTE      OSCXCN
      0000008AH   SFRSYM    DATA     BYTE      TL0
      00000088H   SFRSYM    DATA     BYTE      FLSTAT
      000000F9H   SFRSYM    DATA     BYTE      PCA0L
      0000008BH   SFRSYM    DATA     BYTE      TL1
      000000B8H.1 SFRSYM    DATA     BIT       PT0
      000000D0H.3 SFRSYM    DATA     BIT       RS0
      000000B8H.3 SFRSYM    DATA     BIT       PT1
      000000D0H.4 SFRSYM    DATA     BIT       RS1
      000000B8H.5 SFRSYM    DATA     BIT       PT2
      00000088H.4 SFRSYM    DATA     BIT       TR0
      000000E8H.6 SFRSYM    DATA     BIT       AD0TM
      00000088H.7 SFRSYM    DATA     BIT       CP0EN
      00000088H.6 SFRSYM    DATA     BIT       TR1
      000000C8H.2 SFRSYM    DATA     BIT       TR2
      000000B8H   SFRSYM    DATA     BIT       PX0
      00000088H.7 SFRSYM    DATA     BIT       CP1EN
      000000E8H.6 SFRSYM    DATA     BIT       AD2TM
      000000C8H.2 SFRSYM    DATA     BIT       TR3
      000000B8H.2 SFRSYM    DATA     BIT       PX1
      000000C8H.2 SFRSYM    DATA     BIT       TR4
      000000C0H.2 SFRSYM    DATA     BIT       MAC0Z
      00000083H   SFRSYM    DATA     BYTE      DPH
      000000C5H   SFRSYM    DATA     BYTE      ADC0GTH
      00000082H   SFRSYM    DATA     BYTE      DPL
      000000C4H   SFRSYM    DATA     BYTE      ADC0GTL
      00000099H   SFRSYM    DATA     BYTE      SBUF0
      000000C7H   SFRSYM    DATA     BYTE      ADC0LTH
      00000099H   SFRSYM    DATA     BYTE      SBUF1
      000000C8H.3 SFRSYM    DATA     BIT       EXEN2
      000000EFH   SFRSYM    DATA     BYTE      RSTSRC
      000000B7H   SFRSYM    DATA     BYTE      FLACL
      000000C8H.3 SFRSYM    DATA     BIT       EXEN3
      000000C8H   SFRSYM    DATA     BIT       CPRL2
      00000088H   SFRSYM    DATA     BIT       CP0HYN0
      00000098H   SFRSYM    DATA     BYTE      SCON0
      000000C8H.3 SFRSYM    DATA     BIT       EXEN4
      000000C8H   SFRSYM    DATA     BIT       CPRL3
      00000088H   SFRSYM    DATA     BIT       CP1HYN0
      00000088H.1 SFRSYM    DATA     BIT       CP0HYN1
      00000098H   SFRSYM    DATA     BYTE      SCON1
      000000C8H   SFRSYM    DATA     BIT       CPRL4
      00000088H.1 SFRSYM    DATA     BIT       CP1HYN1
      00000088H.2 SFRSYM    DATA     BIT       CP0HYP0
      000000C6H   SFRSYM    DATA     BYTE      ADC0LTL
      00000088H.2 SFRSYM    DATA     BIT       CP1HYP0
      00000088H.3 SFRSYM    DATA     BIT       CP0HYP1
      000000C0H.5 SFRSYM    DATA     BIT       STA
LX51 LINKER/LOCATER V4.41                                                             10/04/2010  12:32:46  PAGE 18


      00000088H.3 SFRSYM    DATA     BIT       CP1HYP1
      000000C3H   SFRSYM    DATA     BYTE      SMB0ADR
      000000C0H   SFRSYM    DATA     BYTE      MAC0STA
      00000091H   SFRSYM    DATA     BYTE      SSTA0
      000000C2H   SFRSYM    DATA     BYTE      SMB0DAT
      000000CDH   SFRSYM    DATA     BYTE      TMR2H
      0000009AH   SFRSYM    DATA     BYTE      SPI0CFG
      000000CDH   SFRSYM    DATA     BYTE      TMR3H
      0000008EH   SFRSYM    DATA     BYTE      CKCON
      000000CDH   SFRSYM    DATA     BYTE      TMR4H
      000000F8H.4 SFRSYM    DATA     BIT       RXOVRN
      000000CCH   SFRSYM    DATA     BYTE      TMR2L
      000000CCH   SFRSYM    DATA     BYTE      TMR3L
      000000E8H   SFRSYM    DATA     BIT       AD0LJST
      000000CCH   SFRSYM    DATA     BYTE      TMR4L
      000000D0H.5 SFRSYM    DATA     BIT       F0
      000000B7H   SFRSYM    DATA     BYTE      FLSCL
      000000E8H.2 SFRSYM    DATA     BIT       AD0CM0
      000000D0H.1 SFRSYM    DATA     BIT       F1
      000000C0H.4 SFRSYM    DATA     BIT       STO
      000000C0H.6 SFRSYM    DATA     BIT       ENSMB
      000000E8H.3 SFRSYM    DATA     BIT       AD0CM1
      0000009BH   SFRSYM    DATA     BYTE      SPI0DAT
      000000E8H.1 SFRSYM    DATA     BIT       AD2CM0
      000000E8H.2 SFRSYM    DATA     BIT       AD2CM1
      000000E8H.1 SFRSYM    DATA     BIT       AD0WINT
      000000E8H.3 SFRSYM    DATA     BIT       AD2CM2
      000000E8H.4 SFRSYM    DATA     BIT       AD0BUSY
      000000D0H   SFRSYM    DATA     BYTE      PSW
      000000BEH   SFRSYM    DATA     BYTE      ADC2
      00000097H   SFRSYM    DATA     BYTE      MAC0OVR
      00000093H   SFRSYM    DATA     BYTE      MAC0ACC0
      000000E8H   SFRSYM    DATA     BIT       AD2WINT
      00000094H   SFRSYM    DATA     BYTE      MAC0ACC1
      000000E8H.4 SFRSYM    DATA     BIT       AD2BUSY
      000000D8H   SFRSYM    DATA     BIT       CCF0
      00000098H.2 SFRSYM    DATA     BIT       RB80
      000000C1H   SFRSYM    DATA     BYTE      SMB0STA
      00000095H   SFRSYM    DATA     BYTE      MAC0ACC2
      000000D8H.1 SFRSYM    DATA     BIT       CCF1
      00000098H.2 SFRSYM    DATA     BIT       RB81
      00000096H   SFRSYM    DATA     BYTE      MAC0ACC3
      0000008DH   SFRSYM    DATA     BYTE      PLL0DIV

      00818000H   BLOCK     CODE/B1  ---       LVL=0
      0200000AH   SYMBOL    XDATA    ---       pointer
      0081800BH   BLOCK     CODE/B1  NEAR LAB  LVL=1
      0200000DH   SYMBOL    XDATA    WORD      i
      ---         BLOCKEND  ---      ---       LVL=1
      00818000H   LINE      CODE/B1  ---       #4
      0081800BH   LINE      CODE/B1  ---       #5
      0081800BH   LINE      CODE/B1  ---       #7
      00818024H   LINE      CODE/B1  ---       #8
      00818024H   LINE      CODE/B1  ---       #9
      0081803EH   LINE      CODE/B1  ---       #10
      0081804EH   LINE      CODE/B1  ---       #11
      ---         BLOCKEND  ---      ---       LVL=0

      0081804FH   BLOCK     CODE/B1  ---       LVL=0
      02000013H   SYMBOL    XDATA    INT       i
      0081804FH   LINE      CODE/B1  ---       #15
      00818057H   LINE      CODE/B1  ---       #16
      00818057H   LINE      CODE/B1  ---       #17
      00818071H   LINE      CODE/B1  ---       #18
      00818071H   LINE      CODE/B1  ---       #19
LX51 LINKER/LOCATER V4.41                                                             10/04/2010  12:32:46  PAGE 19


      00818071H   LINE      CODE/B1  ---       #20
      00818073H   LINE      CODE/B1  ---       #21
      00818074H   LINE      CODE/B1  ---       #22
      00818074H   LINE      CODE/B1  ---       #23
      0081807BH   LINE      CODE/B1  ---       #24
      0081807BH   LINE      CODE/B1  ---       #25
      0081807BH   LINE      CODE/B1  ---       #26
      0081807BH   LINE      CODE/B1  ---       #27
      ---         BLOCKEND  ---      ---       LVL=0

      ---         MODULE    ---      ---       FUNC2
      00838000H   PUBLIC    CODE/B3  ---       _led2
      000000D8H.2 SFRSYM    DATA     BIT       CCF2
      00000098H.3 SFRSYM    DATA     BIT       TB80
      0000009DH   SFRSYM    DATA     BYTE      SPI0CKR
      000000D8H.3 SFRSYM    DATA     BIT       CCF3
      00000098H.3 SFRSYM    DATA     BIT       TB81
      00000080H   SFRSYM    DATA     BYTE      P0
      000000F8H   SFRSYM    DATA     BIT       SPIEN
      000000D8H.4 SFRSYM    DATA     BIT       CCF4
      00000098H.7 SFRSYM    DATA     BIT       SM00
      00000090H   SFRSYM    DATA     BYTE      P1
      0000008FH   SFRSYM    DATA     BYTE      PLL0FLT
      000000D8H.5 SFRSYM    DATA     BIT       CCF5
      000000C0H.2 SFRSYM    DATA     BIT       AA
      00000098H.6 SFRSYM    DATA     BIT       SM10
      000000FFH   SFRSYM    DATA     BYTE      WDTCN
      000000A0H   SFRSYM    DATA     BYTE      P2
      00000098H.5 SFRSYM    DATA     BIT       SM20
      000000BCH   SFRSYM    DATA     BYTE      ADC0CF
      000000B0H   SFRSYM    DATA     BYTE      P3
      000000D0H.6 SFRSYM    DATA     BIT       AC
      000000C8H   SFRSYM    DATA     BYTE      P4
      000000E6H   SFRSYM    DATA     BYTE      EIE1
      000000D8H   SFRSYM    DATA     BYTE      P5
      000000BCH   SFRSYM    DATA     BYTE      ADC2CF
      000000A8H.7 SFRSYM    DATA     BIT       EA
      000000E8H   SFRSYM    DATA     BYTE      P6
      000000E7H   SFRSYM    DATA     BYTE      EIE2
      00000098H.5 SFRSYM    DATA     BIT       MCE1
      000000F8H   SFRSYM    DATA     BYTE      P7
      000000B0H.1 SFRSYM    DATA     BIT       LED2
      0000008FH   SFRSYM    DATA     BYTE      PSCTL
      000000D8H.7 SFRSYM    DATA     BIT       CF
      0000008EH   SFRSYM    DATA     BYTE      PLL0MUL
      000000E8H   SFRSYM    DATA     BYTE      ADC0CN
      000000D4H   SFRSYM    DATA     BYTE      DAC0CN
      00000084H   SFRSYM    DATA     BYTE      SFRPAGE
      000000D4H   SFRSYM    DATA     BYTE      DAC1CN
      000000C3H   SFRSYM    DATA     BYTE      MAC0CF
      000000C2H   SFRSYM    DATA     BYTE      MAC0AH
      000000A4H   SFRSYM    DATA     BYTE      P0MDOUT
      000000E8H   SFRSYM    DATA     BYTE      ADC2CN
      000000A5H   SFRSYM    DATA     BYTE      P1MDOUT
      00000092H   SFRSYM    DATA     BYTE      MAC0BH
      000000A8H   SFRSYM    DATA     BYTE      IE
      000000A6H   SFRSYM    DATA     BYTE      P2MDOUT
      0000009AH   SFRSYM    DATA     BYTE      CCH0MA
      000000A7H   SFRSYM    DATA     BYTE      P3MDOUT
      000000A3H   SFRSYM    DATA     BYTE      CCH0LC
      000000F6H   SFRSYM    DATA     BYTE      EIP1
      000000C1H   SFRSYM    DATA     BYTE      MAC0AL
      0000009CH   SFRSYM    DATA     BYTE      P4MDOUT
      000000F8H.1 SFRSYM    DATA     BIT       TXBMT
      000000F7H   SFRSYM    DATA     BYTE      EIP2
LX51 LINKER/LOCATER V4.41                                                             10/04/2010  12:32:46  PAGE 20


      000000A1H   SFRSYM    DATA     BYTE      CCH0CN
      0000009DH   SFRSYM    DATA     BYTE      P5MDOUT
      00000091H   SFRSYM    DATA     BYTE      MAC0BL
      000000FCH   SFRSYM    DATA     BYTE      PCA0CPH0
      0000009EH   SFRSYM    DATA     BYTE      P6MDOUT
      000000FEH   SFRSYM    DATA     BYTE      PCA0CPH1
      0000009FH   SFRSYM    DATA     BYTE      P7MDOUT
      000000EAH   SFRSYM    DATA     BYTE      PCA0CPH2
      000000D8H.6 SFRSYM    DATA     BIT       CR
      000000ECH   SFRSYM    DATA     BYTE      PCA0CPH3
      000000C8H.6 SFRSYM    DATA     BIT       EXF2
      00000098H.4 SFRSYM    DATA     BIT       REN0
      000000FBH   SFRSYM    DATA     BYTE      PCA0CPL0
      000000EEH   SFRSYM    DATA     BYTE      PCA0CPH4
      000000A3H   SFRSYM    DATA     BYTE      EMI0CF
      00000096H   SFRSYM    DATA     BYTE      SFRPGCN
      000000C8H.6 SFRSYM    DATA     BIT       EXF3
      00000098H.4 SFRSYM    DATA     BIT       REN1
      000000FDH   SFRSYM    DATA     BYTE      PCA0CPL1
      000000E2H   SFRSYM    DATA     BYTE      PCA0CPH5
      000000DAH   SFRSYM    DATA     BYTE      PCA0CPM0
      000000D9H   SFRSYM    DATA     BYTE      PCA0MD
      000000D8H   SFRSYM    DATA     BYTE      PCA0CN
      000000C4H   SFRSYM    DATA     BYTE      ADC2GT
      000000C8H.6 SFRSYM    DATA     BIT       EXF4
      000000E9H   SFRSYM    DATA     BYTE      PCA0CPL2
      000000DBH   SFRSYM    DATA     BYTE      PCA0CPM1
      000000EBH   SFRSYM    DATA     BYTE      PCA0CPL3
      000000DCH   SFRSYM    DATA     BYTE      PCA0CPM2
      000000B8H   SFRSYM    DATA     BYTE      IP
      000000C0H.3 SFRSYM    DATA     BIT       MAC0HO
      00000088H.4 SFRSYM    DATA     BIT       CP0FIF
      000000EDH   SFRSYM    DATA     BYTE      PCA0CPL4
      000000DDH   SFRSYM    DATA     BYTE      PCA0CPM3
      00000088H.4 SFRSYM    DATA     BIT       CP1FIF
      000000E1H   SFRSYM    DATA     BYTE      PCA0CPL5
      000000DEH   SFRSYM    DATA     BYTE      PCA0CPM4
      000000D0H.7 SFRSYM    DATA     BIT       CY
      000000C0H.3 SFRSYM    DATA     BIT       SI
      000000DFH   SFRSYM    DATA     BYTE      PCA0CPM5
      000000C6H   SFRSYM    DATA     BYTE      ADC2LT
      000000E1H   SFRSYM    DATA     BYTE      XBR0
      000000B9H   SFRSYM    DATA     BYTE      SADEN0
      000000E2H   SFRSYM    DATA     BYTE      XBR1
      000000A2H   SFRSYM    DATA     BYTE      EMI0CN
      000000E3H   SFRSYM    DATA     BYTE      XBR2
      00000088H   SFRSYM    DATA     BIT       FLHBUSY
      000000D1H   SFRSYM    DATA     BYTE      REF0CN
      000000A9H   SFRSYM    DATA     BYTE      SADDR0
      000000BAH   SFRSYM    DATA     BYTE      AMX0CF
      000000E8H.5 SFRSYM    DATA     BIT       AD0INT
      000000CBH   SFRSYM    DATA     BYTE      RCAP2H
      000000A2H   SFRSYM    DATA     BYTE      CCH0TN
      00000086H   SFRSYM    DATA     BYTE      SFRLAST
      000000B8H.4 SFRSYM    DATA     BIT       PS
      000000CBH   SFRSYM    DATA     BYTE      RCAP3H
      000000BAH   SFRSYM    DATA     BYTE      AMX2CF
      00000081H   SFRSYM    DATA     BYTE      SP
      000000E8H.5 SFRSYM    DATA     BIT       AD2INT
      000000CBH   SFRSYM    DATA     BYTE      RCAP4H
      000000A1H   SFRSYM    DATA     BYTE      EMI0TC
      000000D0H.2 SFRSYM    DATA     BIT       OV
      000000C0H.1 SFRSYM    DATA     BIT       MAC0SO
      000000C0H   SFRSYM    DATA     BYTE      SMB0CN
      00000088H.5 SFRSYM    DATA     BIT       CP0RIF
LX51 LINKER/LOCATER V4.41                                                             10/04/2010  12:32:46  PAGE 21


      000000CAH   SFRSYM    DATA     BYTE      RCAP2L
      000000F8H.5 SFRSYM    DATA     BIT       MODF
      00000088H.5 SFRSYM    DATA     BIT       CP1RIF
      000000CAH   SFRSYM    DATA     BYTE      RCAP3L
      000000CAH   SFRSYM    DATA     BYTE      RCAP4L
      000000CFH   SFRSYM    DATA     BYTE      SMB0CR
      00000089H   SFRSYM    DATA     BYTE      CPT0MD
      00000088H   SFRSYM    DATA     BYTE      CPT0CN
      00000098H.7 SFRSYM    DATA     BIT       S1MODE
      000000ADH   SFRSYM    DATA     BYTE      P1MDIN
      00000089H   SFRSYM    DATA     BYTE      PLL0CN
      00000089H   SFRSYM    DATA     BYTE      CPT1MD
      00000088H   SFRSYM    DATA     BYTE      CPT1CN
      00000085H   SFRSYM    DATA     BYTE      SFRNEXT
      000000F8H   SFRSYM    DATA     BYTE      SPI0CN
      000000CFH   SFRSYM    DATA     BYTE      MAC0RNDH
      000000C9H   SFRSYM    DATA     BYTE      TMR2CF
      000000C9H   SFRSYM    DATA     BYTE      TMR3CF
      00000087H   SFRSYM    DATA     BYTE      PCON
      000000C9H   SFRSYM    DATA     BYTE      TMR4CF
      000000F8H.7 SFRSYM    DATA     BIT       SPIF
      000000CEH   SFRSYM    DATA     BYTE      MAC0RNDL
      00000089H   SFRSYM    DATA     BYTE      TMOD
      00000088H   SFRSYM    DATA     BYTE      TCON
      000000F8H.6 SFRSYM    DATA     BIT       WCOL
      000000F8H.2 SFRSYM    DATA     BIT       NSSMD0
      000000BBH   SFRSYM    DATA     BYTE      AMX0SL
      000000F8H.3 SFRSYM    DATA     BIT       NSSMD1
      000000C8H   SFRSYM    DATA     BYTE      TMR2CN
      000000C8H   SFRSYM    DATA     BYTE      TMR3CN
      000000BBH   SFRSYM    DATA     BYTE      AMX2SL
      000000C8H   SFRSYM    DATA     BYTE      TMR4CN
      00000088H.6 SFRSYM    DATA     BIT       CP0OUT
      00000088H.6 SFRSYM    DATA     BIT       CP1OUT
      00000088H.1 SFRSYM    DATA     BIT       IE0
      00000088H.3 SFRSYM    DATA     BIT       IE1
      0000008BH   SFRSYM    DATA     BYTE      OSCICL
      00000097H   SFRSYM    DATA     BYTE      CLKSEL
      000000F0H   SFRSYM    DATA     BYTE      B
      000000D3H   SFRSYM    DATA     BYTE      DAC0H
      000000BFH   SFRSYM    DATA     BYTE      ADC0H
      000000B1H   SFRSYM    DATA     BYTE      PSBANK
      0000008AH   SFRSYM    DATA     BYTE      OSCICN
      000000D3H   SFRSYM    DATA     BYTE      DAC1H
      000000C0H.1 SFRSYM    DATA     BIT       SMBFTE
      000000C0H.7 SFRSYM    DATA     BIT       BUSY
      000000D2H   SFRSYM    DATA     BYTE      DAC0L
      000000BEH   SFRSYM    DATA     BYTE      ADC0L
      000000D2H   SFRSYM    DATA     BYTE      DAC1L
      000000E0H   SFRSYM    DATA     BYTE      ACC
      000000A8H.4 SFRSYM    DATA     BIT       ES0
      000000E8H.7 SFRSYM    DATA     BIT       AD0EN
      000000C8H.1 SFRSYM    DATA     BIT       CT2
      000000A8H.1 SFRSYM    DATA     BIT       ET0
      000000C8H.1 SFRSYM    DATA     BIT       CT3
      000000A8H.3 SFRSYM    DATA     BIT       ET1
      00000088H.5 SFRSYM    DATA     BIT       TF0
      000000E8H.7 SFRSYM    DATA     BIT       AD2EN
      000000C8H.1 SFRSYM    DATA     BIT       CT4
      000000A8H.5 SFRSYM    DATA     BIT       ET2
      00000098H   SFRSYM    DATA     BIT       RI0
      00000088H.7 SFRSYM    DATA     BIT       TF1
      000000C8H.7 SFRSYM    DATA     BIT       TF2
      000000C0H   SFRSYM    DATA     BIT       SMBTOE
      00000098H   SFRSYM    DATA     BIT       RI1
LX51 LINKER/LOCATER V4.41                                                             10/04/2010  12:32:46  PAGE 22


      0000008CH   SFRSYM    DATA     BYTE      TH0
      000000C8H.7 SFRSYM    DATA     BIT       TF3
      000000A8H   SFRSYM    DATA     BIT       EX0
      00000098H.1 SFRSYM    DATA     BIT       TI0
      00000088H   SFRSYM    DATA     BIT       IT0
      000000FAH   SFRSYM    DATA     BYTE      PCA0H
      0000008DH   SFRSYM    DATA     BYTE      TH1
      000000C8H.7 SFRSYM    DATA     BIT       TF4
      000000A8H.2 SFRSYM    DATA     BIT       EX1
      00000098H.1 SFRSYM    DATA     BIT       TI1
      00000088H.2 SFRSYM    DATA     BIT       IT1
      000000D0H   SFRSYM    DATA     BIT       P
      000000C0H   SFRSYM    DATA     BIT       MAC0N
      0000008CH   SFRSYM    DATA     BYTE      OSCXCN
      0000008AH   SFRSYM    DATA     BYTE      TL0
      00000088H   SFRSYM    DATA     BYTE      FLSTAT
      000000F9H   SFRSYM    DATA     BYTE      PCA0L
      0000008BH   SFRSYM    DATA     BYTE      TL1
      000000B8H.1 SFRSYM    DATA     BIT       PT0
      000000D0H.3 SFRSYM    DATA     BIT       RS0
      000000B8H.3 SFRSYM    DATA     BIT       PT1
      000000D0H.4 SFRSYM    DATA     BIT       RS1
      000000B8H.5 SFRSYM    DATA     BIT       PT2
      00000088H.4 SFRSYM    DATA     BIT       TR0
      000000E8H.6 SFRSYM    DATA     BIT       AD0TM
      00000088H.7 SFRSYM    DATA     BIT       CP0EN
      00000088H.6 SFRSYM    DATA     BIT       TR1
      000000C8H.2 SFRSYM    DATA     BIT       TR2
      000000B8H   SFRSYM    DATA     BIT       PX0
      00000088H.7 SFRSYM    DATA     BIT       CP1EN
      000000E8H.6 SFRSYM    DATA     BIT       AD2TM
      000000C8H.2 SFRSYM    DATA     BIT       TR3
      000000B8H.2 SFRSYM    DATA     BIT       PX1
      000000C8H.2 SFRSYM    DATA     BIT       TR4
      000000C0H.2 SFRSYM    DATA     BIT       MAC0Z
      00000083H   SFRSYM    DATA     BYTE      DPH
      000000C5H   SFRSYM    DATA     BYTE      ADC0GTH
      00000082H   SFRSYM    DATA     BYTE      DPL
      000000C4H   SFRSYM    DATA     BYTE      ADC0GTL
      00000099H   SFRSYM    DATA     BYTE      SBUF0
      000000C7H   SFRSYM    DATA     BYTE      ADC0LTH
      00000099H   SFRSYM    DATA     BYTE      SBUF1
      000000C8H.3 SFRSYM    DATA     BIT       EXEN2
      000000EFH   SFRSYM    DATA     BYTE      RSTSRC
      000000B7H   SFRSYM    DATA     BYTE      FLACL
      000000C8H.3 SFRSYM    DATA     BIT       EXEN3
      000000C8H   SFRSYM    DATA     BIT       CPRL2
      00000088H   SFRSYM    DATA     BIT       CP0HYN0
      00000098H   SFRSYM    DATA     BYTE      SCON0
      000000C8H.3 SFRSYM    DATA     BIT       EXEN4
      000000C8H   SFRSYM    DATA     BIT       CPRL3
      00000088H   SFRSYM    DATA     BIT       CP1HYN0
      00000088H.1 SFRSYM    DATA     BIT       CP0HYN1
      00000098H   SFRSYM    DATA     BYTE      SCON1
      000000C8H   SFRSYM    DATA     BIT       CPRL4
      00000088H.1 SFRSYM    DATA     BIT       CP1HYN1
      00000088H.2 SFRSYM    DATA     BIT       CP0HYP0
      000000C6H   SFRSYM    DATA     BYTE      ADC0LTL
      00000088H.2 SFRSYM    DATA     BIT       CP1HYP0
      00000088H.3 SFRSYM    DATA     BIT       CP0HYP1
      000000C0H.5 SFRSYM    DATA     BIT       STA
      00000088H.3 SFRSYM    DATA     BIT       CP1HYP1
      000000C3H   SFRSYM    DATA     BYTE      SMB0ADR
      000000C0H   SFRSYM    DATA     BYTE      MAC0STA
      00000091H   SFRSYM    DATA     BYTE      SSTA0
LX51 LINKER/LOCATER V4.41                                                             10/04/2010  12:32:46  PAGE 23


      000000C2H   SFRSYM    DATA     BYTE      SMB0DAT
      000000CDH   SFRSYM    DATA     BYTE      TMR2H
      0000009AH   SFRSYM    DATA     BYTE      SPI0CFG
      000000CDH   SFRSYM    DATA     BYTE      TMR3H
      0000008EH   SFRSYM    DATA     BYTE      CKCON
      000000CDH   SFRSYM    DATA     BYTE      TMR4H
      000000F8H.4 SFRSYM    DATA     BIT       RXOVRN
      000000CCH   SFRSYM    DATA     BYTE      TMR2L
      000000CCH   SFRSYM    DATA     BYTE      TMR3L
      000000E8H   SFRSYM    DATA     BIT       AD0LJST
      000000CCH   SFRSYM    DATA     BYTE      TMR4L
      000000D0H.5 SFRSYM    DATA     BIT       F0
      000000B7H   SFRSYM    DATA     BYTE      FLSCL
      000000E8H.2 SFRSYM    DATA     BIT       AD0CM0
      000000D0H.1 SFRSYM    DATA     BIT       F1
      000000C0H.4 SFRSYM    DATA     BIT       STO
      000000C0H.6 SFRSYM    DATA     BIT       ENSMB
      000000E8H.3 SFRSYM    DATA     BIT       AD0CM1
      0000009BH   SFRSYM    DATA     BYTE      SPI0DAT
      000000E8H.1 SFRSYM    DATA     BIT       AD2CM0
      000000E8H.2 SFRSYM    DATA     BIT       AD2CM1
      000000E8H.1 SFRSYM    DATA     BIT       AD0WINT
      000000E8H.3 SFRSYM    DATA     BIT       AD2CM2
      000000E8H.4 SFRSYM    DATA     BIT       AD0BUSY
      000000D0H   SFRSYM    DATA     BYTE      PSW
      000000BEH   SFRSYM    DATA     BYTE      ADC2
      00000097H   SFRSYM    DATA     BYTE      MAC0OVR
      00000093H   SFRSYM    DATA     BYTE      MAC0ACC0
      000000E8H   SFRSYM    DATA     BIT       AD2WINT
      00000094H   SFRSYM    DATA     BYTE      MAC0ACC1
      000000E8H.4 SFRSYM    DATA     BIT       AD2BUSY
      000000D8H   SFRSYM    DATA     BIT       CCF0
      00000098H.2 SFRSYM    DATA     BIT       RB80
      000000C1H   SFRSYM    DATA     BYTE      SMB0STA
      00000095H   SFRSYM    DATA     BYTE      MAC0ACC2
      000000D8H.1 SFRSYM    DATA     BIT       CCF1
      00000098H.2 SFRSYM    DATA     BIT       RB81
      00000096H   SFRSYM    DATA     BYTE      MAC0ACC3
      0000008DH   SFRSYM    DATA     BYTE      PLL0DIV

      00838000H   BLOCK     CODE/B3  ---       LVL=0
      02000015H   SYMBOL    XDATA    INT       i
      00838000H   LINE      CODE/B3  ---       #4
      00838008H   LINE      CODE/B3  ---       #5
      00838008H   LINE      CODE/B3  ---       #6
      0083800AH   LINE      CODE/B3  ---       #7
      ---         BLOCKEND  ---      ---       LVL=0

      ---         MODULE    ---      ---       ?C?SLCMP
      010000F5H   PUBLIC    CODE     ---       ?C?SLCMP

      ---         MODULE    ---      ---       ?C?LSTXDATA
      0100010BH   PUBLIC    CODE     ---       ?C?LSTXDATA

      ---         MODULE    ---      ---       ?C?LSTKXDATA
      01000117H   PUBLIC    CODE     ---       ?C?LSTKXDATA

      ---         MODULE    ---      ---       ?C?ICASE
      01000148H   PUBLIC    CODE     ---       ?C?ICASE

      ---         MODULE    ---      ---       ?C?ICALL
      01000175H   PUBLIC    CODE     ---       ?C?ICALL
      01000179H   PUBLIC    CODE     ---       ?C?ICALL2


LX51 LINKER/LOCATER V4.41                                                             10/04/2010  12:32:46  PAGE 24



*** WARNING L16: UNCALLED FUNCTION, IGNORED FOR OVERLAY PROCESS
    NAME:    _F/MAIN

*** WARNING L16: UNCALLED FUNCTION, IGNORED FOR OVERLAY PROCESS
    NAME:    _CALLER/FUNC

Program Size: data=9.0 xdata=23 const=0 code=666
LX51 RUN COMPLETE.  2 WARNING(S),  0 ERROR(S)
